2025-03-17 22:52:19,228 - utils - INFO: файл перекодирован в список словарей
2025-03-17 22:52:19,229 - utils - INFO: файл перекодирован в список словарей
2025-03-17 22:52:19,230 - utils - ERROR: Возникла ошибка Ошибка чтения файла
2025-03-17 22:52:19,231 - utils - ERROR: Неверный формат даты: 15-10-2023 00:00:00. Ошибка: time data '15-10-2023 00:00:00' does not match format '%Y-%m-%d %H:%M:%S'
2025-03-17 22:52:19,232 - utils - INFO: Транзакции в списке отфильтрованы по датам от 2023-10-01 00:00:00 до 2023-10-16 00:00:00
2025-03-17 22:52:19,232 - utils - INFO: Транзакции в списке отфильтрованы по датам от 2023-10-01 00:00:00 до 2023-10-02 00:00:00
2025-03-17 22:52:19,233 - utils - INFO: Приветствие утра выполнено
2025-03-17 22:52:19,233 - utils - INFO: Приветствие дня выполнено
2025-03-17 22:52:19,234 - utils - INFO: Приветствие вечера выполнено
2025-03-17 22:52:19,235 - utils - INFO: Приветствие ночи выполнено
2025-03-17 22:52:19,235 - utils - INFO: кэшбек и суммы по картам посчитаны
2025-03-17 22:52:19,235 - utils - INFO: получен словарь по тратам и кешбеку по каждой карте
2025-03-17 22:52:19,235 - utils - INFO: кэшбек и суммы по картам посчитаны
2025-03-17 22:52:19,235 - utils - INFO: получен словарь по тратам и кешбеку по каждой карте
2025-03-17 22:52:19,236 - utils - INFO: кэшбек и суммы по картам посчитаны
2025-03-17 22:52:19,236 - utils - INFO: получен словарь по тратам и кешбеку по каждой карте
2025-03-17 22:52:19,236 - utils - INFO: кэшбек и суммы по картам посчитаны
2025-03-17 22:52:19,236 - utils - INFO: получен словарь по тратам и кешбеку по каждой карте
2025-03-17 22:52:19,237 - utils - INFO: кэшбек и суммы по картам посчитаны
2025-03-17 22:52:19,237 - utils - INFO: получен словарь по тратам и кешбеку по каждой карте
2025-03-17 22:52:19,237 - utils - INFO: Выделено топ 5 больших транзакций
2025-03-17 22:52:19,237 - utils - INFO: Выделено топ 5 больших транзакций
2025-03-17 22:52:19,238 - utils - INFO: Выделено топ 5 больших транзакций
2025-03-17 22:52:19,238 - utils - INFO: Выделено топ 5 больших транзакций
2025-03-17 22:52:19,239 - utils - INFO: Выделено топ 5 больших транзакций
2025-03-17 22:52:19,239 - utils - INFO: Выполнен запрос на курс валют
2025-03-17 22:52:19,239 - utils - INFO: Выполнен запрос на курс валют
2025-03-17 22:52:19,239 - utils - INFO: Курсы валют созданы
2025-03-17 22:52:19,240 - utils - INFO: Выполнен запрос на курс валют
2025-03-17 22:52:19,240 - utils - ERROR: Ошибка api запроса 400, Bad Request
2025-03-17 22:52:19,240 - utils - INFO: Выполнен запрос на курс валют
2025-03-17 22:52:19,240 - utils - ERROR: Ошибка api запроса 400, Bad Request
2025-03-17 22:52:19,240 - utils - INFO: Курсы валют созданы
2025-03-17 22:52:19,240 - utils - INFO: Выполнен запрос на курс валют
2025-03-17 22:52:19,241 - utils - INFO: Выполнен запрос на курс валют
2025-03-17 22:52:19,241 - utils - ERROR: Ошибка api запроса 400, Bad Request
2025-03-17 22:52:19,241 - utils - INFO: Курсы валют созданы
2025-03-17 22:52:19,241 - utils - INFO: Курсы валют созданы
